// Jest Snapshot v1, https://goo.gl/fbAQLP

exports[`FlippingNumber matches snapshot 1`] = `
<div>
  <div
    class="sc-bcXHqe jPLVIK"
  >
    <div
      class="sc-gswNZR iswcfZ"
    >
      <div
        class="top next"
      >
        59
      </div>
      <div
        class="flipper"
      >
        <div
          class="bottom"
        >
          59
        </div>
        <div
          class="top"
        >
          59
        </div>
      </div>
      <div
        class="bottom current"
      >
        59
      </div>
    </div>
    <p>
      Seconds
    </p>
  </div>
</div>
`;
